---------------------------------------------
---ç³»çµ±å±¤ç´š (System-level configuration) (è¨­å®šæ–¼æ•´å°é›»è…¦ï¼Œæ‰€æœ‰ä½¿ç”¨è€…çš„é è¨­å€¼)
---------------------------------------------
$git config --system --list

alias.c=commit
alias.co=checkout
alias.dt=difftool
alias.mt=mergetool
alias.praise=blame
alias.ff=merge --ff-only
alias.st=status
alias.sync=!git pull && git push
apply.whitespace=nowarn
core.symlinks=false
core.autocrlf=true
core.editor=gitpad
core.preloadindex=true
core.fscache=true
color.diff=auto
color.status=auto
color.branch=auto
color.interactive=true
color.ui=true
pack.packsizelimit=2g
help.format=html
http.sslcainfo=/ssl/certs/ca-bundle-ghfw.crt
diff.astextplain.textconv=astextplain
rebase.autosquash=true
credential.helper=!github --credentials
filter.ghcleansmudge.clean=cat
filter.ghcleansmudge.smudge=cat
push.default=upstream
diff.tool=vs2013
diff.algorithm=histogram
difftool.prompt=false
difftool.bc4.cmd="c:/program files (x86)/beyond compare 3/bcomp.exe" "$LOCAL" "$REMOTE"
difftool.p4.cmd="c:/program files/Perforce/p4merge.exe" "$LOCAL" "$REMOTE"
difftool.vs2012.cmd="c:/program files (x86)/microsoft visual studio 11.0/common7/ide/devenv.exe" '//diff' "$LOCAL" "$REMOTE"
difftool.vs2013.cmd="c:/program files (x86)/microsoft visual studio 12.0/common7/ide/devenv.exe" '//diff' "$LOCAL" "$REMOTE"
merge.tool=bc3
mergetool.prompt=false
mergetool.keepbackup=false
mergetool.bc3.cmd="c:/program files (x86)/beyond compare 3/bcomp.exe" "$LOCAL" "$REMOTE" "$BASE" "$MERGED"
mergetool.bc3.trustexitcode=true
mergetool.p4.cmd="c:/program files/Perforce/p4merge.exe" "$BASE" "$LOCAL" "$REMOTE" "$MERGED"
mergetool.p4.trustexitcode=false

---------------------------------------------
---ä½¿ç”¨è€…å±¤ç´š (User-level configuration) (è¨­å®šæ–¼ç›®å‰ç™»å…¥çš„ä½¿ç”¨è€…)
---------------------------------------------
$git config --global --list

filter.lfs.clean=git-lfs clean -- %f
filter.lfs.smudge=git-lfs smudge -- %f
filter.lfs.process=git-lfs filter-process
filter.lfs.required=true
user.name=papa3321
user.email=richard.hsieh@askeycloud.com
core.autocrlf=true
core.excludesfile=C:\Users\richard1_hsieh\Documents\gitignore_global.txt

---------------------------------------------
---ç¬¬ä¸€æ¬¡ç”¨ Git ä¸€å®šè¦è¨­å®šuser å€æ®µä¸‹çš„ name èˆ‡ email åƒæ•¸ï¼Œ
---------------------------------------------
$git config --global user.name "Richard"
$git config --global user.email "richard.hsieh@askeycloud.com"

---------------------------------------------
---è¨­å®š commit çš„æª”æ¡ˆ æœ‰ CR å­—å…ƒ( ç´” Windows é–‹ç™¼ç’°å¢ƒï¼Œå¯ä»¥è¨­å®šç‚º falseï¼›è·¨å¹³å°å”åŒé–‹ç™¼ï¼Œå»ºè­°è¨­å®šç‚º true )
---------------------------------------------
$git config --global core.autocrlf true

---------------------------------------------
---è‡ªå‹•è¨‚æ­£æ‰“éŒ¯çš„åƒæ•¸ï¼Œä¾‹å¦‚ git statsu æœƒè‡ªå‹•ä¿®æ­£ç‚º git status è®“ä½ ä¸ç”¨é‡æ‰“ä¸€æ¬¡
---------------------------------------------
$git config --global help.autocorrect 1

---------------------------------------------
---æŒ‡ä»¤åˆ—å·¥å…·ç‰ˆæœ¬
---------------------------------------------
$git --version
git version 2.11.0.windows.3

---------------------------------------------
---å»ºç«‹æœ¬åœ°å„²å­˜å€ (local repository) ( åˆå§‹åŒ– Git ç›®éŒ„
---------------------------------------------
$git init
Initialized empty Git repository in /.git/
Success!

---------------------------------------------
---å–å¾—ç›®å‰ Git å·¥ä½œç›®éŒ„çš„ç‹€æ…‹
---------------------------------------------
$git status
# On branch master
#
# Initial commit
#
nothing to commit (create/copy files and use "git add" to track)

# On branch master
#
# Initial commit
#
# Changes to be committed:
#   (use "git rm --cached <file>..." to unstage)
#
#	new file:   octocat.txt
#

Success!

---------------------------------------------
---è¨­å®šåå­—
---------------------------------------------
$ git config --global user.name "Your Name"

---------------------------------------------
---è¨­å®šé›»å­ä¿¡ç®±
---------------------------------------------
$ git config --global user.email "youremail@example.com"

---------------------------------------------
---æ–°å¢octocat.txt
---------------------------------------------
$ git add octocat.txt

---------------------------------------------
---æäº¤
---------------------------------------------
$ git commit -m "Add cute octocat story"

---------------------------------------------
---å‘Šè¨´ Git ä½ çš„ GitHub å¸³è™Ÿ
---------------------------------------------
$ git config --global user.username <USerNamE>

---------------------------------------------
---æ¨é€Push åˆ° é ç«¯remote
---------------------------------------------
$ git push origin master

---------------------------------------------
---æ–°å¢ é ç«¯remote é€£çµ
---------------------------------------------
$ git remote add <REMOTENAME> <URL>

---------------------------------------------
---å¹«ä¸€å€‹ é ç«¯remote è¨­å®šä½å€
---------------------------------------------
$ git remote set-url <REMOTENAME>

---------------------------------------------
---Pull é ç«¯remote çš„ç¨‹å¼
---------------------------------------------
$ git pull <REMOTENAME> <BRANCHNAME>

---------------------------------------------
---çœ‹ä½ æœ‰å“ªäº› é ç«¯remote é€£çµ
---------------------------------------------
$ git remote -v

---------------------------------------------
---Push é›»è…¦ä¸Šçš„ç¨‹å¼åˆ° é ç«¯remote
---------------------------------------------
$ git push <REMOTENAME>



---------------------------------------------
---
---------------------------------------------


---------------------------------------------
---
---------------------------------------------


---------------------------------------------
---
---------------------------------------------


---------------------------------------------
---
---------------------------------------------






